[backblue.gif]
[fade.gif]
[index.html]
[web365.vn/skin/favicon.ico]
[connect.facebook.net/en_US/fbds.js]
[web365.vn/skin/hotline.png]
[web365.vn/font/trangchu.png]
[web365.vn/font/gioithieu1.png]
[web365.vn/font/giaiphap.png]
[web365.vn/font/sanpham.png]
[web365.vn/font/doitac.png]
[web365.vn/font/vieclam.png]
[web365.vn/font/lienhe.png]
[web365.vn/skin/thietke-website.png]
[web365.vn/skin/thietkewebsite.png]
[web365.vn/skin/domain-hosting.png]
[web365.vn/skin/domain_hosting.png]
[web365.vn/skin/thietkelaiwebsite.png]
[web365.vn/skin/thietke-laiwebsite.png]
[web365.vn/skin/dichvuadowords.png]
[web365.vn/skin/dichvu-adwords.png]
[web365.vn/skin/homepage11.png]
[web365.vn/skin/gioi-thieu-web3651.png]
[web365.vn/skin/thong-tin-doanh-nghiep.png]
[web365.vn/skin/linh-vuc-hoat-dong.png]
[web365.vn/skin/giay-phep-so-huu-tri-tue.png]
[web365.vn/images/thiet-ke-website-chuyen-nghiep.png]
[web365.vn/skin/giai-phap-cong-nghe.png]
[web365.vn/skin/giaiphap_homepage.jpg]
[web365.vn/skin/sanpham1.png]
[web365.vn/skin/product2014/mau8.png]
[web365.vn/skin/product2014/mau7.png]
[web365.vn/skin/product2014/mau3.png]
[web365.vn/skin/product2014/mau6.png]
[web365.vn/skin/product2014/mau1.png]
[web365.vn/skin/product2014/mau4.png]
[web365.vn/skin/product2014/mau9.png]
[web365.vn/skin/product2014/mau10.png]
[web365.vn/skin/product/shop_dongho1.png]
[web365.vn/skin/product/website-xe-oto.gif]
[web365.vn/skin/product/webbanthucpham.png]
[web365.vn/skin/product/shop_mypham.png]
[web365.vn/skin/product/my-phan-xach-tay.gif]
[web365.vn/skin/product/websitebankinhmat.png]
[web365.vn/skin/product/webthoitrang.png]
[web365.vn/skin/product/Cafe.png]
[web365.vn/skin/product/dogiadung.png]
[web365.vn/skin/product/shop_hoalyly.png]
[web365.vn/skin/product/shop_kem.png]
[web365.vn/skin/product/Shop_noithat.png]
[web365.vn/skin/product/thethaosuckhoe.png]
[web365.vn/skin/product/traxanh.png]
[web365.vn/skin/product/dong-ho-thoi-trang.gif]
[web365.vn/skin/product/may-anh-ky-thuat-so.gif]
[web365.vn/skin/product/my-pham-han-quoc.gif]
[web365.vn/skin/product/Shop-phu-kien-thoi-trang.gif]
[web365.vn/skin/product/nha-sach.gif]
[web365.vn/skin/product/show-room-xe-may.gif]
[web365.vn/skin/product/web-spa.gif]
[web365.vn/skin/product1/company2.gif]
[web365.vn/skin/product1/company3.gif]
[web365.vn/skin/product1/company4.gif]
[web365.vn/skin/product1/company5.gif]
[web365.vn/skin/product1/company6.gif]
[web365.vn/skin/product1/company7.gif]
[web365.vn/skin/product1/dienthoai1.gif]
[web365.vn/skin/product1/dienthoai2.gif]
[web365.vn/skin/product1/iphone.gif]
[web365.vn/skin/product1/iphone1.gif]
[web365.vn/skin/product1/kientruc1.gif]
[web365.vn/skin/product1/kientruc2.gif]
[web365.vn/skin/product1/kientruc3.gif]
[web365.vn/skin/product1/kientruc4.gif]
[web365.vn/skin/product1/kientruc5.gif]
[web365.vn/skin/product1/kientruc8.gif]
[web365.vn/skin/product1/laptop1.gif]
[web365.vn/skin/product1/laptop3.gif]
[web365.vn/skin/product1/nhathuoc1.gif]
[web365.vn/skin/product1/nhathuoc2.gif]
[web365.vn/skin/product1/nhathuoc3.gif]
[web365.vn/skin/product1/noithat1.gif]
[web365.vn/skin/product1/noithat2.gif]
[web365.vn/skin/product1/noithat3.gif]
[web365.vn/skin/product1/noithat4.gif]
[web365.vn/skin/product1/noithat5.gif]
[web365.vn/skin/product1/noithat6.gif]
[web365.vn/skin/product1/noithat7.gif]
[web365.vn/skin/product1/noithat8.gif]
[web365.vn/skin/product1/phukien1.gif]
[web365.vn/skin/product1/spa1.gif]
[web365.vn/skin/product1/spa2.gif]
[web365.vn/skin/product1/spa3.gif]
[web365.vn/skin/product1/spa5.gif]
[web365.vn/skin/product1/template.gif]
[web365.vn/skin/product1/win2.gif]
[web365.vn/skin/product1/win3.gif]
[web365.vn/skin/product1/wine1.gif]
[web365.vn/skin/doitac1.png]
[web365.vn/skin/job.png]
[web365.vn/skin/lienhe.png]
[web365.vn/images/maps.png]
[web365.vn/index.html]
[web365.vn/fonts/1.ttf]
[web365.vn/css/base.css]
[web365.vn/images/logo_web365.png]
[web365.vn/images/C.png]
[web365.vn/images/header_menu_social.png]
[web365.vn/images/languages.png]
[web365.vn/images/overlay.png]
[web365.vn/images/next_prev.png]
[web365.vn/images/unfold.png]
[web365.vn/images/cross.png]
[web365.vn/images/our_services.jpg]
[web365.vn/css/Icon/checked.png]
[web365.vn/images/doitac_tab.png]
[web365.vn/images/download_btn.png]
[web365.vn/images/helice_trans.gif]
[web365.vn/images/map_links.png]
[web365.vn/images/map_bg.png]
[web365.vn/images/media.jpg]
[web365.vn/css/global-1.css]
[connect.facebook.net/en_US/fbds.js]
[web365.vn/js/jquery.min.js]
[web365.vn/js/jquery-ui.min.js]
[web365.vn/js/iscroll.js]
[web365.vn/js/jquery.mousewheel.min.js]
[web365.vn/js/jquery.isotope.min.js]
[web365.vn/js/jquery.pajinate.min.js]
[web365.vn/js/asiance.js]
[web365.vn/css/add2home.html]
[web365.vn/js/add2home.html]
[web365.vn/images/awwwards_siteoftheday_w_right.html]
[web365.vn/images/feedback.html]
[web365.vn/images/chinese.html]
[web365.vn/images/project_shadow.html]
[web365.vn/images/close.html]
[web365.vn/images/sanpham_slider.html]
[web365.vn/images/congdong_logos.html]
